Serial port /dev/ttyUSB2
Connecting..................
/dev/ttyUSB2 failed to connect: Failed to connect to ESP32: No serial data received.
For troubleshooting steps visit: https://docs.espressif.com/projects/esptool/en/latest/troubleshooting.html
Serial port /dev/ttyUSB1
Connecting....
Connecting.....
Detecting chip type... Unsupported detection protocol, switching and trying again...
Connecting....
Detecting chip type... ESP32
Connecting....
Uploading stub...
Running stub...
Stub running...
Changing baud rate to 921600
Changed.
Auto-detected Flash size: 4MB
Flash will be erased from 0x00001000 to 0x00007fff...
Flash will be erased from 0x00008000 to 0x00008fff...
Flash will be erased from 0x00010000 to 0x000b0fff...
Warning: Image file at 0x1000 is protected with a hash checksum, so not changing the flash size setting. Use the --flash_size=keep option instead of --flash_size=4MB in order to remove this warning, or use the --dont-append-digest option for the elf2image command in order to generate an image file without a hash checksum
Compressed 25728 bytes to 15873...
Writing at 0x00001000... (100 %)Wrote 25728 bytes (15873 compressed) at 0x00001000 in 0.7 seconds (effective 286.0 kbit/s)...
Hash of data verified.
Compressed 3072 bytes to 103...
Writing at 0x00008000... (100 %)Wrote 3072 bytes (103 compressed) at 0x00008000 in 0.1 seconds (effective 307.9 kbit/s)...
Hash of data verified.
Compressed 659136 bytes to 420208...
Writing at 0x00010000... (3 %)Writing at 0x0001ab0f... (7 %)Writing at 0x00024fc3... (11 %)Writing at 0x0002d930... (15 %)Writing at 0x0003357c... (19 %)Writing at 0x00038af7... (23 %)Writing at 0x0003e9d7... (26 %)Writing at 0x00044010... (30 %)Writing at 0x00049734... (34 %)Writing at 0x0004ee87... (38 %)Writing at 0x0005458f... (42 %)Writing at 0x0005a0e7... (46 %)Writing at 0x0005fd0d... (50 %)Writing at 0x0006507e... (53 %)Writing at 0x0006a4d0... (57 %)Writing at 0x0006f7ef... (61 %)Writing at 0x00074faf... (65 %)Writing at 0x0007a66f... (69 %)Writing at 0x00080452... (73 %)Writing at 0x00085e9a... (76 %)Writing at 0x0008b5b8... (80 %)Writing at 0x00091d48... (84 %)Writing at 0x0009a610... (88 %)Writing at 0x000a2989... (92 %)Writing at 0x000a8057... (96 %)Writing at 0x000ad1b9... (100 %)Wrote 659136 bytes (420208 compressed) at 0x00010000 in 6.5 seconds (effective 809.8 kbit/s)...
Hash of data verified.

Leaving...
Changing baud rate to 115200
Changed.
Hard resetting via RTS pin...
ets Jul 29 2019 12:21:46

rst:0x1 (POWERON_RESET),boot:0x12 (SPI_FAST_FLASH_BOOT)
configsip: 0, SPIWP:0xee
clk_drv:0x00,q_drv:0x00,d_drv:0x00,cs0_drv:0x00,hd_drv:0x00,wp_drv:0x00
mode:DIO, clock div:2
load:0x3fff0030,len:7256
load:0x40078000,len:14220
ho 0 tail 12 room 4
load:0x40080400,len:4168
entry 0x400806c0
[0;32mI (29) boot: ESP-IDF v4.2.4-184-gab0ae8733f 2nd stage bootloader[0m
[0;32mI (29) boot: compile time 08:36:11[0m
[0;32mI (29) boot: chip revision: 3[0m
[0;32mI (33) boot_comm: chip revision: 3, min. bootloader chip revision: 0[0m
[0;32mI (40) boot.esp32: SPI Speed      : 40MHz[0m
[0;32mI (45) boot.esp32: SPI Mode       : DIO[0m
[0;32mI (50) boot.esp32: SPI Flash Size : 2MB[0m
[0;32mI (54) boot: Enabling RNG early entropy source...[0m
[0;32mI (60) boot: Partition Table:[0m
[0;32mI (63) boot: ## Label            Usage          Type ST Offset   Length[0m
[0;32mI (70) boot:  0 nvs              WiFi data        01 02 00009000 00006000[0m
[0;32mI (78) boot:  1 phy_init         RF data          01 01 0000f000 00001000[0m
[0;32mI (85) boot:  2 factory          factory app      00 00 00010000 00100000[0m
[0;32mI (93) boot: End of partition table[0m
[0;32mI (97) boot_comm: chip revision: 3, min. application chip revision: 0[0m
[0;32mI (104) esp_image: segment 0: paddr=0x00010020 vaddr=0x3f400020 size=0x17860 ( 96352) map[0m
[0;32mI (150) esp_image: segment 1: paddr=0x00027888 vaddr=0x3ffb0000 size=0x03180 ( 12672) load[0m
[0;32mI (155) esp_image: segment 2: paddr=0x0002aa10 vaddr=0x40080000 size=0x05608 ( 22024) load[0m
[0;32mI (166) esp_image: segment 3: paddr=0x00030020 vaddr=0x400d0020 size=0x724ac (468140) map[0m
[0;32mI (345) esp_image: segment 4: paddr=0x000a24d4 vaddr=0x40085608 size=0x0e9bc ( 59836) load[0m
[0;32mI (382) boot: Loaded app from partition at offset 0x10000[0m
[0;32mI (382) boot: Disabling RNG early entropy source...[0m
[0;32mI (383) cpu_start: Pro cpu up.[0m
[0;32mI (386) cpu_start: Application information:[0m
[0;32mI (391) cpu_start: Project name:     modbus_tcp_slave[0m
[0;32mI (397) cpu_start: App version:      v1.0.8-10-g8e37718[0m
[0;32mI (403) cpu_start: Compile time:     Feb 28 2023 08:36:03[0m
[0;32mI (409) cpu_start: ELF file SHA256:  6178dcda72beb19c...[0m
[0;32mI (415) cpu_start: ESP-IDF:          v4.2.4-184-gab0ae8733f[0m
[0;32mI (421) cpu_start: Starting app cpu, entry point is 0x40081858[0m
[0;32mI (0) cpu_start: App cpu up.[0m
[0;32mI (431) heap_init: Initializing. RAM available for dynamic allocation:[0m
[0;32mI (438) heap_init: At 3FFAE6E0 len 00001920 (6 KiB): DRAM[0m
[0;32mI (444) heap_init: At 3FFB7D48 len 000282B8 (160 KiB): DRAM[0m
[0;32mI (451) heap_init: At 3FFE0440 len 00003AE0 (14 KiB): D/IRAM[0m
[0;32mI (457) heap_init: At 3FFE4350 len 0001BCB0 (111 KiB): D/IRAM[0m
[0;32mI (463) heap_init: At 40093FC4 len 0000C03C (48 KiB): IRAM[0m
[0;32mI (470) cpu_start: Pro cpu start user code[0m
[0;32mI (488) spi_flash: detected chip: generic[0m
[0;32mI (489) spi_flash: flash io: dio[0m
[0;33mW (489) spi_flash: Detected size(4096k) larger than the size in the binary image header(2048k). Using the size in the binary image header.[0m
[0;32mI (499) cpu_start: Starting scheduler on PRO CPU.[0m
[0;32mI (0) cpu_start: Starting scheduler on APP CPU.[0m
I (594) wifi:wifi driver task: 3ffc027c, prio:23, stack:6656, core=0
[0;32mI (594) system_api: Base MAC address is not set[0m
[0;32mI (594) system_api: read default base MAC address from EFUSE[0m
I (614) wifi:wifi firmware version: fe22bd4
I (614) wifi:wifi certification version: v7.0
I (614) wifi:config NVS flash: enabled
I (614) wifi:config nano formating: disabled
I (624) wifi:Init data frame dynamic rx buffer num: 32
I (624) wifi:Init management frame dynamic rx buffer num: 32
I (634) wifi:Init management short buffer num: 32
I (634) wifi:Init dynamic tx buffer num: 32
I (644) wifi:Init static rx buffer size: 1600
I (644) wifi:Init static rx buffer num: 10
I (644) wifi:Init dynamic rx buffer num: 32
[0;32mI (654) wifi_init: rx ba win: 6[0m
[0;32mI (654) wifi_init: tcpip mbox: 32[0m
[0;32mI (664) wifi_init: udp mbox: 6[0m
[0;32mI (664) wifi_init: tcp mbox: 6[0m
[0;32mI (664) wifi_init: tcp tx win: 5744[0m
[0;32mI (674) wifi_init: tcp rx win: 5744[0m
[0;32mI (674) wifi_init: tcp mss: 1440[0m
[0;32mI (684) wifi_init: WiFi IRAM OP enabled[0m
[0;32mI (684) wifi_init: WiFi RX IRAM OP enabled[0m
[0;32mI (694) example_connect: Connecting to EspressifSystems...[0m
[0;32mI (694) phy_init: phy_version 4670,719f9f6,Feb 18 2021,17:07:07[0m
I (794) wifi:mode : sta (10:97:bd:d5:51:f0)
[0;32mI (804) example_connect: Waiting for IP(s)[0m
I (1404) wifi:new:<6,0>, old:<1,0>, ap:<255,255>, sta:<6,0>, prof:1
I (2184) wifi:state: init -> auth (b0)
I (2184) wifi:state: auth -> assoc (0)
I (2194) wifi:state: assoc -> run (10)
I (2204) wifi:connected with EspressifSystems, aid = 5, channel 6, BW20, bssid = 24:5a:4c:1e:0c:91
I (2204) wifi:security: WPA2-PSK, phy: bgn, rssi: -45
I (2204) wifi:pm start, type: 1

I (2264) wifi:AP's beacon interval = 102400 us, DTIM period = 3
[0;32mI (4074) esp_netif_handlers: example_connect: sta ip: 192.168.33.224, mask: 255.255.254.0, gw: 192.168.32.3[0m
[0;32mI (4074) example_connect: Got IPv4 event: Interface "example_connect: sta" address: 192.168.33.224[0m
[0;32mI (4084) example_connect: Connected to example_connect: sta[0m
[0;32mI (4084) example_connect: - IPv4 address: 192.168.33.224[0m
I (4094) wifi:Set ps type: 0

[0;32mI (4104) MB_TCP_SLAVE_PORT: Socket (#54), listener  on port: 502, errno=0[0m
[0;32mI (4104) MB_TCP_SLAVE_PORT: Protocol stack initialized.[0m
[0;32mI (4164) SLAVE_TEST: Modbus slave stack initialized.[0m
[0;32mI (4164) SLAVE_TEST: Start modbus test...[0m
[0;32mI (4424) MB_TCP_SLAVE_PORT: Socket (#55), accept client connection from address: 192.168.33.234[0m
[0;32mI (4434) MB_TCP_SLAVE_PORT: Socket (#56), accept client connection from address: 192.168.33.234[0m
[0;32mI (4434) MB_TCP_SLAVE_PORT: Socket (#57), accept client connection from address: 192.168.33.234[0m
[0;32mI (4494) SLAVE_TEST: INPUT READ (3965517 us), ADDR:0, TYPE:8, INST_ADDR:0x3ffb38b8, SIZE:2[0m
[0;32mI (4504) SLAVE_TEST: HOLDING READ (3982745 us), ADDR:0, TYPE:2, INST_ADDR:0x3ffb3b30, SIZE:2[0m
[0;32mI (4524) SLAVE_TEST: INPUT READ (3998706 us), ADDR:2, TYPE:8, INST_ADDR:0x3ffb38bc, SIZE:2[0m
[0;32mI (4544) SLAVE_TEST: HOLDING READ (4014260 us), ADDR:2, TYPE:2, INST_ADDR:0x3ffb3b34, SIZE:2[0m
[0;32mI (4554) SLAVE_TEST: INPUT READ (4033350 us), ADDR:4, TYPE:8, INST_ADDR:0x3ffb38c0, SIZE:2[0m
[0;32mI (4584) SLAVE_TEST: HOLDING READ (4058675 us), ADDR:4, TYPE:2, INST_ADDR:0x3ffb3b38, SIZE:2[0m
[0;32mI (4604) SLAVE_TEST: HOLDING READ (4075318 us), ADDR:8, TYPE:2, INST_ADDR:0x3ffb3b40, SIZE:100[0m
[0;32mI (4624) SLAVE_TEST: HOLDING WRITE (4102151 us), ADDR:8, TYPE:1, INST_ADDR:0x3ffb3b40, SIZE:100[0m
[0;32mI (4644) SLAVE_TEST: COILS READ (4119128 us), ADDR:0, TYPE:32, INST_ADDR:0x3ffb38b4, SIZE:8[0m
[0;32mI (4674) SLAVE_TEST: COILS READ (4146099 us), ADDR:8, TYPE:32, INST_ADDR:0x3ffb38b5, SIZE:8[0m
[0;32mI (5184) SLAVE_TEST: INPUT READ (4660345 us), ADDR:0, TYPE:8, INST_ADDR:0x3ffb38b8, SIZE:2[0m
[0;32mI (5204) SLAVE_TEST: HOLDING READ (4679552 us), ADDR:0, TYPE:2, INST_ADDR:0x3ffb3b30, SIZE:2[0m
[0;32mI (5224) SLAVE_TEST: INPUT READ (4695649 us), ADDR:2, TYPE:8, INST_ADDR:0x3ffb38bc, SIZE:2[0m
[0;32mI (5254) SLAVE_TEST: HOLDING READ (4728669 us), ADDR:2, TYPE:2, INST_ADDR:0x3ffb3b34, SIZE:2[0m
[0;32mI (5274) SLAVE_TEST: INPUT READ (4744653 us), ADDR:4, TYPE:8, INST_ADDR:0x3ffb38c0, SIZE:2[0m
[0;32mI (5294) SLAVE_TEST: HOLDING READ (4767385 us), ADDR:4, TYPE:2, INST_ADDR:0x3ffb3b38, SIZE:2[0m
[0;32mI (5304) SLAVE_TEST: HOLDING READ (4782903 us), ADDR:8, TYPE:2, INST_ADDR:0x3ffb3b40, SIZE:100[0m
[0;32mI (5344) SLAVE_TEST: COILS READ (4821827 us), ADDR:0, TYPE:32, INST_ADDR:0x3ffb38b4, SIZE:8[0m
[0;32mI (5374) SLAVE_TEST: COILS READ (4851492 us), ADDR:8, TYPE:32, INST_ADDR:0x3ffb38b5, SIZE:8[0m
[0;32mI (5894) SLAVE_TEST: INPUT READ (5371956 us), ADDR:0, TYPE:8, INST_ADDR:0x3ffb38b8, SIZE:2[0m
[0;32mI (5914) SLAVE_TEST: HOLDING READ (5389396 us), ADDR:0, TYPE:2, INST_ADDR:0x3ffb3b30, SIZE:2[0m
[0;32mI (5934) SLAVE_TEST: INPUT READ (5411014 us), ADDR:2, TYPE:8, INST_ADDR:0x3ffb38bc, SIZE:2[0m
[0;32mI (5974) SLAVE_TEST: HOLDING READ (5445606 us), ADDR:2, TYPE:2, INST_ADDR:0x3ffb3b34, SIZE:2[0m
[0;32mI (5984) SLAVE_TEST: INPUT READ (5461578 us), ADDR:4, TYPE:8, INST_ADDR:0x3ffb38c0, SIZE:2[0m
[0;32mI (6004) SLAVE_TEST: HOLDING READ (5482232 us), ADDR:4, TYPE:2, INST_ADDR:0x3ffb3b38, SIZE:2[0m
[0;32mI (6024) SLAVE_TEST: HOLDING READ (5501297 us), ADDR:8, TYPE:2, INST_ADDR:0x3ffb3b40, SIZE:100[0m
[0;32mI (6044) SLAVE_TEST: COILS READ (5517158 us), ADDR:0, TYPE:32, INST_ADDR:0x3ffb38b4, SIZE:8[0m
[0;32mI (6064) SLAVE_TEST: COILS READ (5536259 us), ADDR:8, TYPE:32, INST_ADDR:0x3ffb38b5, SIZE:8[0m
[0;32mI (6584) SLAVE_TEST: INPUT READ (6060167 us), ADDR:0, TYPE:8, INST_ADDR:0x3ffb38b8, SIZE:2[0m
[0;32mI (6604) SLAVE_TEST: HOLDING READ (6076660 us), ADDR:0, TYPE:2, INST_ADDR:0x3ffb3b30, SIZE:2[0m
[0;32mI (6624) SLAVE_TEST: INPUT READ (6098207 us), ADDR:2, TYPE:8, INST_ADDR:0x3ffb38bc, SIZE:2[0m
[0;32mI (6644) SLAVE_TEST: HOLDING READ (6118188 us), ADDR:2, TYPE:2, INST_ADDR:0x3ffb3b34, SIZE:2[0m
[0;32mI (6654) SLAVE_TEST: INPUT READ (6133627 us), ADDR:4, TYPE:8, INST_ADDR:0x3ffb38c0, SIZE:2[0m
[0;32mI (6674) SLAVE_TEST: HOLDING READ (6150490 us), ADDR:4, TYPE:2, INST_ADDR:0x3ffb3b38, SIZE:2[0m
[0;32mI (6694) SLAVE_TEST: HOLDING READ (6167143 us), ADDR:8, TYPE:2, INST_ADDR:0x3ffb3b40, SIZE:100[0m
[0;32mI (6704) SLAVE_TEST: COILS READ (6184120 us), ADDR:0, TYPE:32, INST_ADDR:0x3ffb38b4, SIZE:8[0m
[0;32mI (6724) SLAVE_TEST: COILS READ (6203645 us), ADDR:8, TYPE:32, INST_ADDR:0x3ffb38b5, SIZE:8[0m
[0;32mI (7234) SLAVE_TEST: INPUT READ (6710154 us), ADDR:0, TYPE:8, INST_ADDR:0x3ffb38b8, SIZE:2[0m
[0;32mI (7254) SLAVE_TEST: HOLDING READ (6727889 us), ADDR:0, TYPE:2, INST_ADDR:0x3ffb3b30, SIZE:2[0m
[0;32mI (7264) SLAVE_TEST: INPUT READ (6743766 us), ADDR:2, TYPE:8, INST_ADDR:0x3ffb38bc, SIZE:2[0m
[0;32mI (7284) SLAVE_TEST: HOLDING READ (6762336 us), ADDR:2, TYPE:2, INST_ADDR:0x3ffb3b34, SIZE:2[0m
[0;32mI (7304) SLAVE_TEST: INPUT READ (6782778 us), ADDR:4, TYPE:8, INST_ADDR:0x3ffb38c0, SIZE:2[0m
[0;32mI (7324) SLAVE_TEST: HOLDING READ (6800751 us), ADDR:4, TYPE:2, INST_ADDR:0x3ffb3b38, SIZE:2[0m
[0;32mI (7344) SLAVE_TEST: HOLDING READ (6818010 us), ADDR:8, TYPE:2, INST_ADDR:0x3ffb3b40, SIZE:100[0m
[0;32mI (7364) SLAVE_TEST: COILS READ (6838891 us), ADDR:0, TYPE:32, INST_ADDR:0x3ffb38b4, SIZE:8[0m
[0;32mI (7384) SLAVE_TEST: COILS READ (6856090 us), ADDR:8, TYPE:32, INST_ADDR:0x3ffb38b5, SIZE:8[0m
[0;32mI (7894) SLAVE_TEST: INPUT READ (7369499 us), ADDR:0, TYPE:8, INST_ADDR:0x3ffb38b8, SIZE:2[0m
[0;32mI (7914) SLAVE_TEST: HOLDING READ (7393851 us), ADDR:0, TYPE:2, INST_ADDR:0x3ffb3b30, SIZE:2[0m
[0;32mI (7934) SLAVE_TEST: INPUT READ (7410834 us), ADDR:2, TYPE:8, INST_ADDR:0x3ffb38bc, SIZE:2[0m
[0;32mI (7954) SLAVE_TEST: HOLDING READ (7430870 us), ADDR:2, TYPE:2, INST_ADDR:0x3ffb3b34, SIZE:2[0m
[0;32mI (7974) SLAVE_TEST: INPUT READ (7447420 us), ADDR:4, TYPE:8, INST_ADDR:0x3ffb38c0, SIZE:2[0m
[0;32mI (7994) SLAVE_TEST: HOLDING READ (7471211 us), ADDR:4, TYPE:2, INST_ADDR:0x3ffb3b38, SIZE:2[0m
[0;32mI (8024) SLAVE_TEST: HOLDING READ (7496796 us), ADDR:8, TYPE:2, INST_ADDR:0x3ffb3b40, SIZE:100[0m
[0;32mI (8034) SLAVE_TEST: COILS READ (7513795 us), ADDR:0, TYPE:32, INST_ADDR:0x3ffb38b4, SIZE:8[0m
[0;32mI (8054) SLAVE_TEST: COILS READ (7532190 us), ADDR:8, TYPE:32, INST_ADDR:0x3ffb38b5, SIZE:8[0m
[0;32mI (8584) SLAVE_TEST: INPUT READ (8054966 us), ADDR:0, TYPE:8, INST_ADDR:0x3ffb38b8, SIZE:2[0m
[0;32mI (8604) SLAVE_TEST: HOLDING READ (8080906 us), ADDR:0, TYPE:2, INST_ADDR:0x3ffb3b30, SIZE:2[0m
[0;32mI (8624) SLAVE_TEST: INPUT READ (8099111 us), ADDR:2, TYPE:8, INST_ADDR:0x3ffb38bc, SIZE:2[0m
[0;32mI (8644) SLAVE_TEST: HOLDING READ (8116569 us), ADDR:2, TYPE:2, INST_ADDR:0x3ffb3b34, SIZE:2[0m
[0;32mI (8654) SLAVE_TEST: INPUT READ (8133194 us), ADDR:4, TYPE:8, INST_ADDR:0x3ffb38c0, SIZE:2[0m
[0;32mI (8674) SLAVE_TEST: HOLDING READ (8153882 us), ADDR:4, TYPE:2, INST_ADDR:0x3ffb3b38, SIZE:2[0m
[0;32mI (8704) SLAVE_TEST: HOLDING READ (8177534 us), ADDR:8, TYPE:2, INST_ADDR:0x3ffb3b40, SIZE:100[0m
[0;32mI (8734) SLAVE_TEST: COILS READ (8209711 us), ADDR:0, TYPE:32, INST_ADDR:0x3ffb38b4, SIZE:8[0m
[0;32mI (8734) SLAVE_TEST: Modbus controller destroyed.[0m
